To honour the JVM settings for this build a single-use Daemon process will be forked. For more on this, please refer to https://docs.gradle.org/9.2.1/userguide/gradle_daemon.html#sec:disabling_the_daemon in the Gradle documentation.
Daemon will be stopped at the end of the build 

> Configure project :
[WARNING] Your JDK home path contains spaces: C:\Program Files\Eclipse Adoptium\jdk-25.0.0.36-hotspot
[WARNING] Some Gradle plugins may behave incorrectly

> Task :app:compileJava UP-TO-DATE
> Task :app:processResources UP-TO-DATE
> Task :app:classes UP-TO-DATE
> Task :app:jar UP-TO-DATE
> Task :app:startScripts UP-TO-DATE
> Task :app:distTar SKIPPED
> Task :app:distZip SKIPPED
> Task :app:assemble UP-TO-DATE
> Task :spotlessInternalRegisterDependencies UP-TO-DATE
> Task :app:spotlessJava UP-TO-DATE
> Task :app:spotlessJavaCheck FAILED
.\gradlew : 
At line:1 char:1
+ .\gradlew build --no-daemon 2>&1 | Out-File -Encoding ASCII build_asc ...
+ ~~~~~~~~~~~~~~~~~~~~~~~~~~~~~~~~
    + CategoryInfo          : NotSpecified: (:String) [], RemoteException
    + FullyQualifiedErrorId : NativeCommandError
 
FAILURE: Build failed with an exception.

* What went wrong:
Execution failed for task ':app:spotlessJavaCheck'.
> The following files had format violations:
      src\main\java\io\abc_def\kickstart_fx\domain\Cart.java
          @@ -170,12 +170,11 @@
           
           ????????@Override
           ????????public??String??toString()??{
          -????????????????return??"Cart{"??+
          -????????????????????????????????"id="??+??id.get()??+
          -????????????????????????????????",??userId="??+??userId.get()??+
          
-????????????????????????????????",??status='"??+??status.get()??+??'\''??+
          
-????????????????????????????????",??totalPrice="??+??totalPrice.get()??+
          -????????????????????????????????",??items="??+??items.size()??+
          -????????????????????????????????'}';
          +????????????????return??"Cart{"??+??"id="
          +????????????????????????????????+??id.get()??+??",??userId="
          +????????????????????????????????+??userId.get()??+??",??status='"
          
+????????????????????????????????+??status.get()??+??'\''??+??",??totalPrice="
          +????????????????????????????????+??totalPrice.get()??+??",??items="
          +????????????????????????????????+??items.size()??+??'}';
           ????????}
           }
      src\main\java\io\abc_def\kickstart_fx\domain\CartItem.java
          @@ -33,7 +33,13 @@
           ????????????????this.totalPrice.set(unitPrice??*??quantity);
           ????????}
           
          -????????public??CartItem(Long??id,??Long??cartId,??Long??productId,?
?String??productCode,??String??productName,??double??unitPrice,
          +????????public??CartItem(
          +????????????????????????Long??id,
          +????????????????????????Long??cartId,
          +????????????????????????Long??productId,
          +????????????????????????String??productCode,
          +????????????????????????String??productName,
          +????????????????????????double??unitPrice,
           ????????????????????????long??quantity)??{
           ????????????????this.id??=??new??SimpleLongProperty(id);
           ????????????????this.cartId??=??new??SimpleLongProperty(cartId);
          @@ -149,12 +155,11 @@
           
           ????????@Override
           ????????public??String??toString()??{
          -????????????????return??"CartItem{"??+
          -????????????????????????????????"id="??+??id.get()??+
          -????????????????????????????????",??productName='"??+??productName.g
et()??+??'\''??+
          -????????????????????????????????",??quantity="??+??quantity.get()??+
          
-????????????????????????????????",??unitPrice="??+??unitPrice.get()??+
          
-????????????????????????????????",??totalPrice="??+??totalPrice.get()??+
          -????????????????????????????????'}';
          +????????????????return??"CartItem{"??+??"id="
          +????????????????????????????????+??id.get()??+??",??productName='"
          +????????????????????????????????+??productName.get()??+??'\''??+??",
??quantity="
      ... (5 more lines that didn't fit)
  Violations also present in:
      src\main\java\io\abc_def\kickstart_fx\domain\CartService.java
      src\main\java\io\abc_def\kickstart_fx\domain\Product.java
      src\main\java\io\abc_def\kickstart_fx\page\InventoryPageComp.java
      src\main\java\io\abc_def\kickstart_fx\page\InvoicePageComp.java
      src\main\java\io\abc_def\kickstart_fx\page\LoginPageComp.java
      src\main\java\io\abc_def\kickstart_fx\page\ShoppingCartPageComp.java
      src\main\java\io\abc_def\kickstart_fx\persistence\CartRepository.java
      src\main\java\io\abc_def\kickstart_fx\persistence\ProductRepository.java
      src\main\java\io\abc_def\kickstart_fx\reporting\InvoiceService.java
  Run 'gradlew.bat spotlessApply' to fix all violations.

* Try:
> Run with --stacktrace option to get the stack trace.
> Run with --info or --debug option to get more log output.
7 actionable tasks: 1 executed, 6 up-to-date
> Run with --scan to generate a Build Scan (powered by Develocity).
> Get more help at https://help.gradle.org.

BUILD FAILED in 9s
